[debug] [2026-07-17T17:36:08.587Z] ----------------------------------------------------------------------
[debug] [2026-07-17T17:36:08.597Z] Command:       C:\Program Files\nodejs\node.exe C:\Users\Sirige Harshavardhan\AppData\Roaming\npm\node_modules\firebase-tools\lib\bin\firebase.js init hosting
[debug] [2026-07-17T17:36:08.597Z] CLI Version:   15.19.1
[debug] [2026-07-17T17:36:08.597Z] Platform:      win32
[debug] [2026-07-17T17:36:08.597Z] Node Version:  v24.13.0
[debug] [2026-07-17T17:36:08.597Z] Time:          Fri Jul 17 2026 23:06:08 GMT+0530 (India Standard Time)
[debug] [2026-07-17T17:36:08.597Z] ----------------------------------------------------------------------
[debug] 
[debug] [2026-07-17T17:36:08.599Z] >>> [apiv2][query] GET https://firebase-public.firebaseio.com/cli.json [none]
[info] 
     ######## #### ########  ######## ########     ###     ######  ########
     ##        ##  ##     ## ##       ##     ##  ##   ##  ##       ##
     ######    ##  ########  ######   ########  #########  ######  ######
     ##        ##  ##    ##  ##       ##     ## ##     ##       ## ##
     ##       #### ##     ## ######## ########  ##     ##  ######  ########

You're about to initialize a Firebase project in this directory:

  C:\Users\Sirige Harshavardhan\OneDrive\Desktop\Neuroweave

Before we get started, keep in mind:

  * You are initializing within an existing Firebase project directory

[debug] [2026-07-17T17:36:12.715Z] <<< [apiv2][status] GET https://firebase-public.firebaseio.com/cli.json 200
[debug] [2026-07-17T17:36:12.716Z] <<< [apiv2][body] GET https://firebase-public.firebaseio.com/cli.json {"cloudBuildErrorAfter":1594252800000,"cloudBuildWarnAfter":1590019200000,"defaultNode10After":1594252800000,"minVersion":"3.0.5","node8DeploysDisabledAfter":1613390400000,"node8RuntimeDisabledAfter":1615809600000,"node8WarnAfter":1600128000000}
[info] 
=== Project Setup
[info] 
[info] First, let's associate this project directory with a Firebase project.
[info] You can create multiple project aliases by running firebase use --add, 
[info] 
[debug] [2026-07-17T17:36:15.725Z] > command requires scopes: ["email","openid","https://www.googleapis.com/auth/cloudplatformprojects.readonly","https://www.googleapis.com/auth/firebase","https://www.googleapis.com/auth/cloud-platform"]
[debug] [2026-07-17T17:36:15.725Z] > authorizing via signed-in user (harshavardhansirige@gmail.com)
[debug] [2026-07-17T17:36:15.726Z] Checked if tokens are valid: false, expires at: 1781017215323
[debug] [2026-07-17T17:36:15.727Z] Checked if tokens are valid: false, expires at: 1781017215323
[debug] [2026-07-17T17:36:15.727Z] > refreshing access token with scopes: []
[debug] [2026-07-17T17:36:15.729Z] >>> [apiv2][query] POST https://www.googleapis.com/oauth2/v3/token [none]
[debug] [2026-07-17T17:36:15.729Z] >>> [apiv2][body] POST https://www.googleapis.com/oauth2/v3/token [omitted]
[debug] [2026-07-17T17:36:17.312Z] <<< [apiv2][status] POST https://www.googleapis.com/oauth2/v3/token 200
[debug] [2026-07-17T17:36:17.312Z] <<< [apiv2][body] POST https://www.googleapis.com/oauth2/v3/token [omitted]
[debug] [2026-07-17T17:36:17.321Z] >>> [apiv2][query] GET https://firebase.googleapis.com/v1beta1/projects/neuroweave-3 [none]
[debug] [2026-07-17T17:36:18.020Z] <<< [apiv2][status] GET https://firebase.googleapis.com/v1beta1/projects/neuroweave-3 403
[debug] [2026-07-17T17:36:18.020Z] <<< [apiv2][body] GET https://firebase.googleapis.com/v1beta1/projects/neuroweave-3 {"error":{"code":403,"message":"The caller does not have permission","status":"PERMISSION_DENIED"}}
[debug] [2026-07-17T17:36:18.021Z] Request to https://firebase.googleapis.com/v1beta1/projects/neuroweave-3 had HTTP Error: 403, The caller does not have permission
[debug] [2026-07-17T17:36:18.420Z] FirebaseError: Request to https://firebase.googleapis.com/v1beta1/projects/neuroweave-3 had HTTP Error: 403, The caller does not have permission
    at responseToError (C:\Users\Sirige Harshavardhan\AppData\Roaming\npm\node_modules\firebase-tools\lib\responseToError.js:53:12)
    at RetryOperation._fn (C:\Users\Sirige Harshavardhan\AppData\Roaming\npm\node_modules\firebase-tools\lib\apiv2.js:333:77)
    at process.processTicksAndRejections (node:internal/process/task_queues:103:5)
[error] 
[error] Error: Failed to get Firebase project neuroweave-3. Please make sure the project exists and your account has permission to access it.
